// Jest Snapshot v1, https://goo.gl/fbAQLP

exports[`DetectorAnimatedlistComponent should render correctly 1`] = `undefined`;
